[s4shanmugsundar.wixsite.com/website.html]
[static.parastorage.com/unpkg/core-js-bundle@3.2.1/minified.js]
[static.parastorage.com/unpkg/focus-within-polyfill@5.0.9/dist/focus-within-polyfill.js]
[backblue.gif]
[fade.gif]
[index.html]
[polyfill.io/v3/polyfill.mind82c.js]
[s4shanmugsundar.wixsite.com/47b73115.min.css]
[s4shanmugsundar.wixsite.com/1a3ca2ee.min.css]
[s4shanmugsundar.wixsite.com/16e44c05.min.css]
[s4shanmugsundar.wixsite.com/6ac53ab7.min.css]
[s4shanmugsundar.wixsite.com/02595569.min.css]
[s4shanmugsundar.wixsite.com/e5861f41.min.css]
[s4shanmugsundar.wixsite.com/c53e42d7.min.css]
[s4shanmugsundar.wixsite.com/da6c52cb.min.css]
[s4shanmugsundar.wixsite.com/3d2759f7.min.css]
[s4shanmugsundar.wixsite.com/960c3a88.min.css]
[s4shanmugsundar.wixsite.com/390543ac.min.css]
[s4shanmugsundar.wixsite.com/34cf1291.min.css]
[s4shanmugsundar.wixsite.com/f36661fb.min.css]
[s4shanmugsundar.wixsite.com/aa613bd1.min.css]
[s4shanmugsundar.wixsite.com/395efea1.min.css]
[s4shanmugsundar.wixsite.com/6daaad8b.min.css]
[s4shanmugsundar.wixsite.com/bf91693c.min.css]
[s4shanmugsundar.wixsite.com/b4ae8803.min.css]
[s4shanmugsundar.wixsite.com/62ccedec.min.css]
[s4shanmugsundar.wixsite.com/ae08c227.min.css]
[s4shanmugsundar.wixsite.com/11f27093.min.css]
[s4shanmugsundar.wixsite.com/9b155e90.min.css]
[s4shanmugsundar.wixsite.com/4ec2545d.min.css]
[s4shanmugsundar.wixsite.com/1bbe301d.min.css]
[s4shanmugsundar.wixsite.com/e78a13b3.min.css]
[s4shanmugsundar.wixsite.com/b604fd33.min.css]
[s4shanmugsundar.wixsite.com/48c6d58d.min.css]
[s4shanmugsundar.wixsite.com/439c90c8.min.css]
[s4shanmugsundar.wixsite.com/cd69f57c.min.css]
[s4shanmugsundar.wixsite.com/bc223d50.min.css]
[s4shanmugsundar.wixsite.com/bc2466c0.min.css]
[s4shanmugsundar.wixsite.com/5d7b6bbf.min.css]
[s4shanmugsundar.wixsite.com/3fdab364.min.css]
[s4shanmugsundar.wixsite.com/20d93486.min.css]
[s4shanmugsundar.wixsite.com/9692b4a8.min.css]
[s4shanmugsundar.wixsite.com/914012ea.min.css]
[s4shanmugsundar.wixsite.com/ffa0eb8f.min.css]
[s4shanmugsundar.wixsite.com/fe8be6d6.min.css]
[s4shanmugsundar.wixsite.com/a28cca36.min.css]
[s4shanmugsundar.wixsite.com/02b07b80.min.css]
[s4shanmugsundar.wixsite.com/265e9a4a.min.css]
[s4shanmugsundar.wixsite.com/ff342417.min.css]
[s4shanmugsundar.wixsite.com/2a1582d7.min.css]
[s4shanmugsundar.wixsite.com/eb321d93.min.css]
[s4shanmugsundar.wixsite.com/06cfef68.min.css]
[s4shanmugsundar.wixsite.com/49a18e23.min.css]
[s4shanmugsundar.wixsite.com/2467b183.min.css]
[s4shanmugsundar.wixsite.com/f9fd7cbe.min.css]
[s4shanmugsundar.wixsite.com/e142d0f4.min.css]
[s4shanmugsundar.wixsite.com/96a73741.min.css]
[s4shanmugsundar.wixsite.com/4c758e80.min.css]
[s4shanmugsundar.wixsite.com/44b62fdc.min.css]
[s4shanmugsundar.wixsite.com/7f8c7c3e.min.css]
[s4shanmugsundar.wixsite.com/fbbc0ea4.min.css]
[s4shanmugsundar.wixsite.com/5d29307d.min.css]
[s4shanmugsundar.wixsite.com/85af43ab.min.css]
[s4shanmugsundar.wixsite.com/7010eb60.min.css]
[s4shanmugsundar.wixsite.com/566bec70.min.css]
[s4shanmugsundar.wixsite.com/fc40122e.min.css]
[s4shanmugsundar.wixsite.com/45242c23.min.css]
[s4shanmugsundar.wixsite.com/0efca64c.min.css]
[s4shanmugsundar.wixsite.com/42ccdc69.min.css]
[s4shanmugsundar.wixsite.com/4ea3b970.min.css]
[s4shanmugsundar.wixsite.com/0ee85551.min.css]
[s4shanmugsundar.wixsite.com/085f85ee.min.css]
[s4shanmugsundar.wixsite.com/fc21aae5.min.css]
[s4shanmugsundar.wixsite.com/641eb53d.min.css]
[s4shanmugsundar.wixsite.com/cabcae51.min.css]
[s4shanmugsundar.wixsite.com/b66c178d.min.css]
[s4shanmugsundar.wixsite.com/c7fdedca.min.css]
[s4shanmugsundar.wixsite.com/ce9dcea4.min.css]
[s4shanmugsundar.wixsite.com/bc497b45.min.css]
[s4shanmugsundar.wixsite.com/2acb415c.min.css]
[s4shanmugsundar.wixsite.com/7d6cd51b.min.css]
[s4shanmugsundar.wixsite.com/16e57088.min.css]
[s4shanmugsundar.wixsite.com/0a1c073a.min.css]
[s4shanmugsundar.wixsite.com/1ac8fc0f.min.css]
[s4shanmugsundar.wixsite.com/e5d84163.min.css]
[s4shanmugsundar.wixsite.com/d5f023bb.min.css]
[s4shanmugsundar.wixsite.com/d820de38.min.css]
[s4shanmugsundar.wixsite.com/012dc85e.min.css]
[s4shanmugsundar.wixsite.com/9d29a199.min.css]
[s4shanmugsundar.wixsite.com/381ee71b.min.css]
[s4shanmugsundar.wixsite.com/bf413556.min.css]
[s4shanmugsundar.wixsite.com/316080a6.min.css]
[s4shanmugsundar.wixsite.com/51a9742f.min.css]
[s4shanmugsundar.wixsite.com/bf732f1f.min.css]
[s4shanmugsundar.wixsite.com/99f4b3eb.min.css]
[s4shanmugsundar.wixsite.com/a545d558.min.css]
[s4shanmugsundar.wixsite.com/76eac8fb.min.css]
[s4shanmugsundar.wixsite.com/5346ce3f.min.css]
[s4shanmugsundar.wixsite.com/f658a9c4.min.css]
[s4shanmugsundar.wixsite.com/7c9ceb1e.min.css]
[s4shanmugsundar.wixsite.com/aa72298b.min.css]
[s4shanmugsundar.wixsite.com/6ea2cb1c.min.css]
[s4shanmugsundar.wixsite.com/a9c2732c.min.css]
[s4shanmugsundar.wixsite.com/93e61b80.min.css]
[s4shanmugsundar.wixsite.com/4bbd8d4f.min.css]
[s4shanmugsundar.wixsite.com/f4297adc.min.css]
[s4shanmugsundar.wixsite.com/f3af5621.min.67.delayed]
[s4shanmugsundar.wixsite.com/23167c06.min.css]
[s4shanmugsundar.wixsite.com/4c919285.min.css]
[s4shanmugsundar.wixsite.com/99e902d9.min.css]
[s4shanmugsundar.wixsite.com/7761d6fc.min.css]
[s4shanmugsundar.wixsite.com/164e68d9.min.css]
[s4shanmugsundar.wixsite.com/40e5d5cf.min.css]
[s4shanmugsundar.wixsite.com/7c602eb2.min.css]
[s4shanmugsundar.wixsite.com/6b4c7217.min.css]
[s4shanmugsundar.wixsite.com/5b26625f.min.css]
[s4shanmugsundar.wixsite.com/2e327647.min.css]
[s4shanmugsundar.wixsite.com/4a6a7fc9.min.css]
[s4shanmugsundar.wixsite.com/f52e40aa.min.css]
[s4shanmugsundar.wixsite.com/29ef3ea9.min.css]
[s4shanmugsundar.wixsite.com/8a33f286.min.css]
[s4shanmugsundar.wixsite.com/a1e4335b.min.css]
[s4shanmugsundar.wixsite.com/67b7c77e.min.css]
[s4shanmugsundar.wixsite.com/b8760986.min.css]
[s4shanmugsundar.wixsite.com/37bd0eeb.min.css]
[s4shanmugsundar.wixsite.com/8d04f72e.min.css]
[s4shanmugsundar.wixsite.com/84c587cd.min.css]
[s4shanmugsundar.wixsite.com/ba7d2620.min.css]
[s4shanmugsundar.wixsite.com/41f1fa78.min.css]
[s4shanmugsundar.wixsite.com/3e581339.min.css]
[s4shanmugsundar.wixsite.com/a2f0f523.min.css]
[s4shanmugsundar.wixsite.com/86aca973.min.css]
[s4shanmugsundar.wixsite.com/7c1692b1.min.css]
[s4shanmugsundar.wixsite.com/8005d5c1.min.css]
[s4shanmugsundar.wixsite.com/0e20a470.min.css]
[s4shanmugsundar.wixsite.com/c9b5bd15.min.css]
[s4shanmugsundar.wixsite.com/8c688a9d.min.css]
[s4shanmugsundar.wixsite.com/6b1e299b.min.css]
[s4shanmugsundar.wixsite.com/11d68990.min.css]
[s4shanmugsundar.wixsite.com/3f166307.min.css]
[s4shanmugsundar.wixsite.com/1355ec40.min.css]
[s4shanmugsundar.wixsite.com/48220e7a.min.css]
[s4shanmugsundar.wixsite.com/eca71e40.min.css]
[s4shanmugsundar.wixsite.com/024f5250.min.css]
[s4shanmugsundar.wixsite.com/54e8ad37.min.css]
[s4shanmugsundar.wixsite.com/c79634ce.min.css]
[s4shanmugsundar.wixsite.com/036d1c2c.min.css]
[s4shanmugsundar.wixsite.com/04c30725.min.css]
[s4shanmugsundar.wixsite.com/685dda1c.min.css]
[s4shanmugsundar.wixsite.com/ad3a6151.min.css]
[s4shanmugsundar.wixsite.com/b43bc41a.min.css]
[s4shanmugsundar.wixsite.com/aff3efe3.min.css]
[s4shanmugsundar.wixsite.com/44306cc3.min.css]
[s4shanmugsundar.wixsite.com/f08a1c03.min.css]
[s4shanmugsundar.wixsite.com/6818c64c.min.css]
[s4shanmugsundar.wixsite.com/4fa4a352.min.css]
[s4shanmugsundar.wixsite.com/97d7cd97.min.css]
[s4shanmugsundar.wixsite.com/a1e76019.min.css]
[s4shanmugsundar.wixsite.com/b4bc6361.min.css]
[s4shanmugsundar.wixsite.com/9eed3e82.min.css]
[s4shanmugsundar.wixsite.com/ce776e38.min.css]
[s4shanmugsundar.wixsite.com/4a43b954.min.css]
[s4shanmugsundar.wixsite.com/799d016a.min.css]
[s4shanmugsundar.wixsite.com/c434348a.min.css]
[s4shanmugsundar.wixsite.com/4038e1e2.min.css]
[s4shanmugsundar.wixsite.com/c24f5e69.min.css]
[s4shanmugsundar.wixsite.com/8ab00128.min.css]
[s4shanmugsundar.wixsite.com/45eee88d.min.css]
[s4shanmugsundar.wixsite.com/7df86004.min.css]
[s4shanmugsundar.wixsite.com/145b5660.min.css]
[s4shanmugsundar.wixsite.com/3e624017.min.css]
[s4shanmugsundar.wixsite.com/eb810a4a.min.css]
[s4shanmugsundar.wixsite.com/81ed76c3.min.css]
[s4shanmugsundar.wixsite.com/6fe867cc.min.css]
[s4shanmugsundar.wixsite.com/d1f9c7e6.min.css]
[s4shanmugsundar.wixsite.com/34377b4a.min.css]
[s4shanmugsundar.wixsite.com/36c7b16b.min.css]
[s4shanmugsundar.wixsite.com/b0da3a19.min.css]
[s4shanmugsundar.wixsite.com/70e8afa8.min.css]
[s4shanmugsundar.wixsite.com/9c39b1d1.min.css]
[s4shanmugsundar.wixsite.com/59f9faa0.min.css]
[s4shanmugsundar.wixsite.com/b92ba9ff.min.css]
[s4shanmugsundar.wixsite.com/91e61dab.min.css]
[s4shanmugsundar.wixsite.com/41f245d4.min.css]
[s4shanmugsundar.wixsite.com/e24e08e7.min.css]
[s4shanmugsundar.wixsite.com/a86a8070.min.css]
[s4shanmugsundar.wixsite.com/ca0c0763.min.css]
[s4shanmugsundar.wixsite.com/13eb5276.min.css]
[s4shanmugsundar.wixsite.com/2978359e.min.css]
[s4shanmugsundar.wixsite.com/4b1f6567.min.css]
[s4shanmugsundar.wixsite.com/4e6fba8d.min.css]
[s4shanmugsundar.wixsite.com/883064bf.min.css]
[s4shanmugsundar.wixsite.com/55fd4990.min.css]
[s4shanmugsundar.wixsite.com/882dfccd.min.css]
[s4shanmugsundar.wixsite.com/70efe3c5.min.css]
[s4shanmugsundar.wixsite.com/6d011635.min.css]
[s4shanmugsundar.wixsite.com/af38aead.min.css]
[s4shanmugsundar.wixsite.com/39cfb47d.min.css]
[s4shanmugsundar.wixsite.com/1a1f2ab9.min.css]
[s4shanmugsundar.wixsite.com/5ed4e092.min.css]
[s4shanmugsundar.wixsite.com/75512b1a.min.css]
[s4shanmugsundar.wixsite.com/2a38244f.min.css]
[s4shanmugsundar.wixsite.com/837e8139.min.css]
[s4shanmugsundar.wixsite.com/f8ec65c6.min.css]
[s4shanmugsundar.wixsite.com/913e0517.min.css]
[s4shanmugsundar.wixsite.com/2ce475e3.min.css]
[s4shanmugsundar.wixsite.com/96f4b814.min.cb.delayed]
[s4shanmugsundar.wixsite.com/efcd8729.min.css]
[s4shanmugsundar.wixsite.com/0ebb4539.min.css]
[s4shanmugsundar.wixsite.com/c9371416.min.css]
[s4shanmugsundar.wixsite.com/84fca3f0.min.css]
[s4shanmugsundar.wixsite.com/44b60e9d.min.css]
[s4shanmugsundar.wixsite.com/48e483a5.min.css]
[s4shanmugsundar.wixsite.com/100a01ba.min.css]
[s4shanmugsundar.wixsite.com/dba31346.min.css]
[s4shanmugsundar.wixsite.com/5a61fee8.min.css]
[s4shanmugsundar.wixsite.com/6010b816.min.css]
[s4shanmugsundar.wixsite.com/99e9084d.min.css]
[s4shanmugsundar.wixsite.com/39cdb6e7.min.css]
[s4shanmugsundar.wixsite.com/98f5e34d.min.css]
[s4shanmugsundar.wixsite.com/4bd62377.min.css]
[s4shanmugsundar.wixsite.com/f6b4449f.min.css]
[s4shanmugsundar.wixsite.com/692d3cfd.min.css]
[s4shanmugsundar.wixsite.com/dda10bbb.min.css]
[s4shanmugsundar.wixsite.com/826aa068.min.css]
[s4shanmugsundar.wixsite.com/71561e01.min.css]
[s4shanmugsundar.wixsite.com/2aa93db9.min.css]
[s4shanmugsundar.wixsite.com/ac1f0c83.min.css]
[s4shanmugsundar.wixsite.com/3fc3aa14.min.css]
[s4shanmugsundar.wixsite.com/eed9660c.min.css]
[s4shanmugsundar.wixsite.com/e98ddd9c.min.css]
[s4shanmugsundar.wixsite.com/9f54505f.min.css]
[s4shanmugsundar.wixsite.com/82a3c6bd.min.css]
[s4shanmugsundar.wixsite.com/959e5e9e.min.css]
[s4shanmugsundar.wixsite.com/c6933345.min.css]
[s4shanmugsundar.wixsite.com/7ac66a81.min.css]
[s4shanmugsundar.wixsite.com/7f6e9aff.min.css]
[s4shanmugsundar.wixsite.com/7197ceeb.min.css]
[s4shanmugsundar.wixsite.com/4d761874.min.css]
[s4shanmugsundar.wixsite.com/57ee110f.min.css]
[s4shanmugsundar.wixsite.com/723e4fed.min.css]
[s4shanmugsundar.wixsite.com/7d0d5475.min.css]
[s4shanmugsundar.wixsite.com/d9e9ecf4.min.css]
[s4shanmugsundar.wixsite.com/4d71157d.min.css]
[s4shanmugsundar.wixsite.com/30611ad6.min.css]
[s4shanmugsundar.wixsite.com/3107aee2.min.css]
[s4shanmugsundar.wixsite.com/add763df.min.css]
[s4shanmugsundar.wixsite.com/20a005d9.min.css]
[s4shanmugsundar.wixsite.com/f12c724d.min.css]
[s4shanmugsundar.wixsite.com/767a7565.min.css]
[s4shanmugsundar.wixsite.com/6dd0b2ab.min.css]
[s4shanmugsundar.wixsite.com/60e6c2a9.min.css]
[s4shanmugsundar.wixsite.com/6bd04466.min.css]
[s4shanmugsundar.wixsite.com/e356d735.min.css]
[s4shanmugsundar.wixsite.com/1fef0d1f.min.css]
[s4shanmugsundar.wixsite.com/4e9ee1a3.min.css]
[s4shanmugsundar.wixsite.com/8845e14b.min.css]
[s4shanmugsundar.wixsite.com/a7d5ac4b.min.css]
[s4shanmugsundar.wixsite.com/015a530e.min.css]
[s4shanmugsundar.wixsite.com/b6e3e82f.min.css]
[s4shanmugsundar.wixsite.com/731d5bce.min.css]
[s4shanmugsundar.wixsite.com/c61ac2b6.min.css]
[s4shanmugsundar.wixsite.com/c9d89f77.min.css]
[s4shanmugsundar.wixsite.com/77753e29.min.css]
[s4shanmugsundar.wixsite.com/2a3ba4df.min.css]
[s4shanmugsundar.wixsite.com/1150efce.min.css]
[s4shanmugsundar.wixsite.com/dbfd66d7.min.css]
[s4shanmugsundar.wixsite.com/e1813de1.min.css]
[s4shanmugsundar.wixsite.com/34b72cf9.min.css]
[s4shanmugsundar.wixsite.com/5d684912.min.css]
[s4shanmugsundar.wixsite.com/07d43a5b.min.css]
[s4shanmugsundar.wixsite.com/74e60b57.min.css]
[s4shanmugsundar.wixsite.com/71b202df.min.css]
[s4shanmugsundar.wixsite.com/1e24bd4a.min.css]
[s4shanmugsundar.wixsite.com/d078781b.min.css]
[s4shanmugsundar.wixsite.com/9a8b46cf.min.css]
[s4shanmugsundar.wixsite.com/f4071404.min.css]
[s4shanmugsundar.wixsite.com/a4efbb1a.min.css]
[s4shanmugsundar.wixsite.com/b69a6dca.min.css]
[s4shanmugsundar.wixsite.com/a8cea7d1.min.css]
[s4shanmugsundar.wixsite.com/9b7ffe32.min.css]
[s4shanmugsundar.wixsite.com/0e2bff6a.min.css]
[s4shanmugsundar.wixsite.com/8a3174ea.min.css]
[s4shanmugsundar.wixsite.com/56b396e1.min.css]
[s4shanmugsundar.wixsite.com/e31c9edb.min.css]
[s4shanmugsundar.wixsite.com/270ecc94.min.css]
[s4shanmugsundar.wixsite.com/aae8f9e8.min.css]
[s4shanmugsundar.wixsite.com/148a549f.min.css]
[s4shanmugsundar.wixsite.com/243dde79.min.css]
[s4shanmugsundar.wixsite.com/4b77444e.min.css]
[s4shanmugsundar.wixsite.com/debda15f.min.css]
[s4shanmugsundar.wixsite.com/c8e351db.min.css]
[s4shanmugsundar.wixsite.com/25adc72e.min.css]
[s4shanmugsundar.wixsite.com/ad3c03fe.min.css]
[s4shanmugsundar.wixsite.com/696515ba.min.css]
[s4shanmugsundar.wixsite.com/645a0f15.chunk.min.js]
[s4shanmugsundar.wixsite.com/b1355b5c.chunk.min.js]
[s4shanmugsundar.wixsite.com/a5a909c0.chunk.min.js]
[s4shanmugsundar.wixsite.com/4eb957ed.chunk.min.js]
[s4shanmugsundar.wixsite.com/rb_wixui.thunderbolt_bootstrap-classic.414f6a61.chunk.min.js]
[s4shanmugsundar.wixsite.com/rb_wixui.thunderbolt_bootstrap-responsive.a66c1914.chunk.min.css]
[s4shanmugsundar.wixsite.com/rb_wixui.thunderbolt_bootstrap-responsive.a5a909c0.chunk.min.js]
[s4shanmugsundar.wixsite.com/rb_wixui.thunderbolt_common-site-members-dialogs.d78bf087.chunk.min.css]
[s4shanmugsundar.wixsite.com/rb_wixui.thunderbolt_common-site-members-dialogs.4eb957ed.chunk.min.js]
[s4shanmugsundar.wixsite.com/rb_wixui.thunderbolt_bootstrap.15f0deb3.chunk.min.css]
[s4shanmugsundar.wixsite.com/rb_wixui.thunderbolt_bootstrap.645a0f15.chunk.min.js]
[s4shanmugsundar.wixsite.com/rb_wixui.corvid_core.0849f1c8.chunk.min.12f.delayed]
[s4shanmugsundar.wixsite.com/rb_wixui.thunderbolt_mobile.eea54e4b.chunk.min.css]
[s4shanmugsundar.wixsite.com/decodeURIComponent(e]
[browser.sentry-cdn.com/6.13.3/bundle.min.js]
[s4shanmugsundar.wixsite.com/sitemap.xml]
[s4shanmugsundar.wixsite.com/feed.xml]
[static.parastorage.com/services/wix-thunderbolt/dist/bootstrap-features.21bc9311.bundle.min.js]
[static.parastorage.com/services/wix-thunderbolt/dist/main.19f97547.bundle.min.js]
[static.parastorage.com/unpkg/lodash@4.17.21/lodash.min.js]
[static.parastorage.com/unpkg/react@16.13.1/umd/react.production.min.js]
[static.parastorage.com/services/tag-manager-client/1.427.0/siteTags.bundle.min.js]
[s4shanmugsundar.wixsite.com/index.html]
[static.parastorage.com/services/wix-perf-measure/1.618.0/wix-perf-measure.bundle.min.js]
[s4shanmugsundar.wixsite.com/version/index.html]
[static.parastorage.com/unpkg/react-dom@16.13.1/umd/react-dom.production.min.js]
[static.parastorage.com/services/editor-elements/dist/media/sloppyframe.d6793e19.png]
[static.wixstatic.com/media/82e2d9_8a6e6b93e02249939e0922222b80a1ff_mv2.jpg/v1/fill/w_80,h_80,al_c,q_80,usm_0.66_1.00_0.01,blur_3/Untitled.jpg]
[static.parastorage.com/services/pro-gallery-santa-wrapper/1.2110.0/staticCss.min.css]
[static.wixstatic.com/media/82e2d9_9130481ce5d4401792417a9060dab98f_mv2.jpg/v1/fill/w_171,h_128,al_c,q_80,usm_0.66_1.00_0.01,blur_2/Coney island_Created with C4D ➖➖➖➖➖➖➖➖➖➖➖➖➖➖➖ [#s4manipulations ] [#ps_fan]
[static.wixstatic.com/media/82e2d9_6a489414bc864a8fbfa8972934bd7b76_mv2.jpg/v1/fill/w_640,h_225,q_90/82e2d9_6a489414bc864a8fbfa8972934bd7b76_mv2.jpg]
[static.wixstatic.com/media/82e2d9_ed7c295723134e17bd5ff150d3efe7da_mv2.jpg/v1/fill/w_640,h_225,fp_0.65_0.5,q_90/82e2d9_ed7c295723134e17bd5ff150d3efe7da_mv2.jpg]
[static.wixstatic.com/media/82e2d9_de7ad49d154544cf91065e32c10de399_mv2.jpg/v1/fill/w_640,h_225,q_90/82e2d9_de7ad49d154544cf91065e32c10de399_mv2.jpg]
[static.wixstatic.com/media/82e2d9_246913f0ce7841edb63365a17625b0a6_mv2.jpg/v1/fill/w_640,h_225,q_90/82e2d9_246913f0ce7841edb63365a17625b0a6_mv2.jpg]
[static.wixstatic.com/media/82e2d9_9e0194d06150437787a39aa9b78ce05f_mv2.jpg/v1/fill/w_640,h_225,q_90/82e2d9_9e0194d06150437787a39aa9b78ce05f_mv2.jpg]
[static.wixstatic.com/media/82e2d9_53940e05dfe64e1693929920a20c2c8a_mv2.jpg/v1/fill/w_640,h_225,q_90/82e2d9_53940e05dfe64e1693929920a20c2c8a_mv2.jpg]
[static.wixstatic.com/media/82e2d9_b52370c8baad42bea06fd8d56a9f64d9_mv2.jpg/v1/fill/w_640,h_225,q_90/82e2d9_b52370c8baad42bea06fd8d56a9f64d9_mv2.jpg]
[static.wixstatic.com/media/82e2d9_df4b66cd1cb44aaca1d43bc1cf2ae7fb_mv2.jpg/v1/fill/w_640,h_225,q_90/82e2d9_df4b66cd1cb44aaca1d43bc1cf2ae7fb_mv2.jpg]
[static.wixstatic.com/media/82e2d9_c16db3246157457f8bd47c87aa97f0a0_mv2.jpg/v1/fill/w_640,h_225,q_90/82e2d9_c16db3246157457f8bd47c87aa97f0a0_mv2.jpg]
[static.wixstatic.com/media/82e2d9_815fa791e71a461eb2b5b75bc00ce0ca_mv2.jpg/v1/fill/w_640,h_225,q_90/82e2d9_815fa791e71a461eb2b5b75bc00ce0ca_mv2.jpg]
[static.wixstatic.com/media/82e2d9_f492d0efbda642d29689f8147417aa57_mv2.jpg/v1/fill/w_640,h_225,q_90/82e2d9_f492d0efbda642d29689f8147417aa57_mv2.jpg]
[static.wixstatic.com/media/82e2d9_772b754655a8438e92a87ac2adcc2339_mv2.jpg/v1/fill/w_640,h_225,q_90/82e2d9_772b754655a8438e92a87ac2adcc2339_mv2.jpg]
[static.wixstatic.com/media/82e2d9_6a489414bc864a8fbfa8972934bd7b76_mv2.jpg/v1/fill/w_120,h_120,q_70/82e2d9_6a489414bc864a8fbfa8972934bd7b76_mv2.jpg]
[static.wixstatic.com/media/82e2d9_ed7c295723134e17bd5ff150d3efe7da_mv2.jpg/v1/fill/w_120,h_120,fp_0.65_0.5,q_70/82e2d9_ed7c295723134e17bd5ff150d3efe7da_mv2.jpg]
[static.wixstatic.com/media/82e2d9_de7ad49d154544cf91065e32c10de399_mv2.jpg/v1/fill/w_120,h_120,q_70/82e2d9_de7ad49d154544cf91065e32c10de399_mv2.jpg]
[static.wixstatic.com/media/82e2d9_246913f0ce7841edb63365a17625b0a6_mv2.jpg/v1/fill/w_120,h_120,q_70/82e2d9_246913f0ce7841edb63365a17625b0a6_mv2.jpg]
[static.wixstatic.com/media/82e2d9_9e0194d06150437787a39aa9b78ce05f_mv2.jpg/v1/fill/w_120,h_120,q_70/82e2d9_9e0194d06150437787a39aa9b78ce05f_mv2.jpg]
[static.wixstatic.com/media/82e2d9_53940e05dfe64e1693929920a20c2c8a_mv2.jpg/v1/fill/w_120,h_120,q_70/82e2d9_53940e05dfe64e1693929920a20c2c8a_mv2.jpg]
[static.wixstatic.com/media/82e2d9_b52370c8baad42bea06fd8d56a9f64d9_mv2.jpg/v1/fill/w_120,h_120,q_70/82e2d9_b52370c8baad42bea06fd8d56a9f64d9_mv2.jpg]
[static.wixstatic.com/media/82e2d9_df4b66cd1cb44aaca1d43bc1cf2ae7fb_mv2.jpg/v1/fill/w_120,h_120,q_70/82e2d9_df4b66cd1cb44aaca1d43bc1cf2ae7fb_mv2.jpg]
[static.wixstatic.com/media/82e2d9_c16db3246157457f8bd47c87aa97f0a0_mv2.jpg/v1/fill/w_120,h_120,q_70/82e2d9_c16db3246157457f8bd47c87aa97f0a0_mv2.jpg]
[static.wixstatic.com/media/82e2d9_815fa791e71a461eb2b5b75bc00ce0ca_mv2.jpg/v1/fill/w_120,h_120,q_70/82e2d9_815fa791e71a461eb2b5b75bc00ce0ca_mv2.jpg]
[static.wixstatic.com/media/82e2d9_f492d0efbda642d29689f8147417aa57_mv2.jpg/v1/fill/w_120,h_120,q_70/82e2d9_f492d0efbda642d29689f8147417aa57_mv2.jpg]
[static.wixstatic.com/media/82e2d9_157d90326ad54e5695cd85471a12e380_mv2.jpg/v1/fill/w_145,h_128,al_c,q_80,usm_0.66_1.00_0.01,blur_2/Faith and Patience ___.jpg]
[static.wixstatic.com/media/82e2d9_3055cfdaeb0b4462a93ac06de6b071c1f003.jpg/v1/fill/w_720,h_225,q_90/82e2d9_3055cfdaeb0b4462a93ac06de6b071c1f003.jpg]
[static.wixstatic.com/media/82e2d9_81b01daebdba49479a6447b93ed690eef003.jpg/v1/fill/w_600,h_225,q_90/82e2d9_81b01daebdba49479a6447b93ed690eef003.jpg]
[static.wixstatic.com/media/82e2d9_8366528a71bb4a50ac00035e0265d30ef003.jpg/v1/fill/w_800,h_225,q_90/82e2d9_8366528a71bb4a50ac00035e0265d30ef003.jpg]
[static.wixstatic.com/media/82e2d9_d6f4cffe12554546b2a2336dd88eee10f003.jpg/v1/fill/w_512,h_225,q_90/82e2d9_d6f4cffe12554546b2a2336dd88eee10f003.jpg]
[static.wixstatic.com/media/82e2d9_6ddb5f43c83f4832a51c0d967da451d5f003.jpg/v1/fill/w_980,h_225,q_90/82e2d9_6ddb5f43c83f4832a51c0d967da451d5f003.jpg]
[static.wixstatic.com/media/82e2d9_577d9fb0608e4a3d95efb18fc57e73c8f003.jpg/v1/fill/w_980,h_225,q_90/82e2d9_577d9fb0608e4a3d95efb18fc57e73c8f003.jpg]
[static.wixstatic.com/media/82e2d9_b97cb2a0338e4d86b1859332efc7cf4ef003.jpg/v1/fill/w_404,h_225,q_90/82e2d9_b97cb2a0338e4d86b1859332efc7cf4ef003.jpg]
[static.wixstatic.com/media/82e2d9_3055cfdaeb0b4462a93ac06de6b071c1f003.jpg/v1/fill/w_120,h_120,q_70/82e2d9_3055cfdaeb0b4462a93ac06de6b071c1f003.jpg]
[static.wixstatic.com/media/82e2d9_81b01daebdba49479a6447b93ed690eef003.jpg/v1/fill/w_120,h_120,q_70/82e2d9_81b01daebdba49479a6447b93ed690eef003.jpg]
[static.wixstatic.com/media/82e2d9_8366528a71bb4a50ac00035e0265d30ef003.jpg/v1/fill/w_120,h_120,q_70/82e2d9_8366528a71bb4a50ac00035e0265d30ef003.jpg]
[static.wixstatic.com/media/82e2d9_d6f4cffe12554546b2a2336dd88eee10f003.jpg/v1/fill/w_120,h_120,q_70/82e2d9_d6f4cffe12554546b2a2336dd88eee10f003.jpg]
[static.wixstatic.com/media/82e2d9_6ddb5f43c83f4832a51c0d967da451d5f003.jpg/v1/fill/w_120,h_120,q_70/82e2d9_6ddb5f43c83f4832a51c0d967da451d5f003.jpg]
[static.wixstatic.com/media/82e2d9_577d9fb0608e4a3d95efb18fc57e73c8f003.jpg/v1/fill/w_120,h_120,q_70/82e2d9_577d9fb0608e4a3d95efb18fc57e73c8f003.jpg]
[static.wixstatic.com/media/82e2d9_b97cb2a0338e4d86b1859332efc7cf4ef003.jpg/v1/fill/w_120,h_120,q_70/82e2d9_b97cb2a0338e4d86b1859332efc7cf4ef003.jpg]
[static.wixstatic.com/media/82e2d9_f089d466835845918713d1071e7edb8b_mv2.jpg/v1/fill/w_128,h_128,al_c,q_80,usm_0.66_1.00_0.01,blur_2/Painting the right way ➖➖➖➖➖➖➖➖➖➖➖➖➖➖➖ [#s4manipulations ] [#ps_fantasy ]]
[static.wixstatic.com/media/82e2d9_d67c8093745646fcacbc133a92321508_mv2.jpg/v1/fill/w_640,h_225,q_90/82e2d9_d67c8093745646fcacbc133a92321508_mv2.jpg]
[static.wixstatic.com/media/82e2d9_106421304a594f3e9647b75d075b1c4b_mv2.jpg/v1/fill/w_640,h_225,q_90/82e2d9_106421304a594f3e9647b75d075b1c4b_mv2.jpg]
[static.wixstatic.com/media/82e2d9_bb910016177047d9a9d8de2d19db0d2c_mv2.jpg/v1/fill/w_640,h_225,q_90/82e2d9_bb910016177047d9a9d8de2d19db0d2c_mv2.jpg]
[static.wixstatic.com/media/82e2d9_a5340a07bc5a4bfebf6837a0f54efe6b_mv2.jpg/v1/fill/w_640,h_225,q_90/82e2d9_a5340a07bc5a4bfebf6837a0f54efe6b_mv2.jpg]
[static.wixstatic.com/media/82e2d9_f140b1d972a84ac69e132aa5910e47e1_mv2.jpg/v1/fill/w_640,h_225,q_90/82e2d9_f140b1d972a84ac69e132aa5910e47e1_mv2.jpg]
[static.wixstatic.com/media/82e2d9_c276e9c2b6b0469a93b7c2db2ec1db18_mv2.jpg/v1/fill/w_640,h_225,q_90/82e2d9_c276e9c2b6b0469a93b7c2db2ec1db18_mv2.jpg]
[static.wixstatic.com/media/82e2d9_cf340dd7bc574d8883c5bc25874552ab_mv2.jpg/v1/fill/w_640,h_225,q_90/82e2d9_cf340dd7bc574d8883c5bc25874552ab_mv2.jpg]
[static.wixstatic.com/media/82e2d9_7ab6abf6dbe5487695c9f777f23f9401_mv2.jpg/v1/fill/w_640,h_225,q_90/82e2d9_7ab6abf6dbe5487695c9f777f23f9401_mv2.jpg]
[static.wixstatic.com/media/82e2d9_254b0bcb2caf455c952c9d15e5768c03_mv2.jpg/v1/fill/w_640,h_225,q_90/82e2d9_254b0bcb2caf455c952c9d15e5768c03_mv2.jpg]
[static.wixstatic.com/media/82e2d9_c14f50cd3bd04dd49b5cbd93e14d45f7_mv2.jpg/v1/fill/w_640,h_225,q_90/82e2d9_c14f50cd3bd04dd49b5cbd93e14d45f7_mv2.jpg]
[static.wixstatic.com/media/82e2d9_c47bd937aec24e07b111a8a3e14cc5d3_mv2.jpg/v1/fill/w_640,h_225,q_90/82e2d9_c47bd937aec24e07b111a8a3e14cc5d3_mv2.jpg]
[static.wixstatic.com/media/82e2d9_41a06c5ea4f542509c5d7fd28f2ddfba_mv2.jpg/v1/fill/w_640,h_225,q_90/82e2d9_41a06c5ea4f542509c5d7fd28f2ddfba_mv2.jpg]
[static.wixstatic.com/media/82e2d9_3b844aa515914b63ac8feee081e83ba6_mv2.jpg/v1/fill/w_640,h_225,q_90/82e2d9_3b844aa515914b63ac8feee081e83ba6_mv2.jpg]
[static.wixstatic.com/media/82e2d9_c1cbb757dda54c88b545403b40e8d9d9_mv2.jpg/v1/fill/w_640,h_225,q_90/82e2d9_c1cbb757dda54c88b545403b40e8d9d9_mv2.jpg]
[static.wixstatic.com/media/82e2d9_acba1cf3eff141c19317fcab9f2b2123_mv2.jpg/v1/fill/w_640,h_225,q_90/82e2d9_acba1cf3eff141c19317fcab9f2b2123_mv2.jpg]
[static.wixstatic.com/media/82e2d9_380eb3db017a45f2878d71d711d46374_mv2.jpg/v1/fill/w_640,h_225,q_90/82e2d9_380eb3db017a45f2878d71d711d46374_mv2.jpg]
[static.wixstatic.com/media/82e2d9_1e476a0785464d40b6d577fe84a89534_mv2.jpg/v1/fill/w_640,h_225,q_90/82e2d9_1e476a0785464d40b6d577fe84a89534_mv2.jpg]
[static.wixstatic.com/media/82e2d9_fe0b098656b841b58c7f19ae7be7382d_mv2.jpg/v1/fill/w_640,h_225,q_90/82e2d9_fe0b098656b841b58c7f19ae7be7382d_mv2.jpg]
[static.wixstatic.com/media/82e2d9_b8775a4e53384dbca2f8122b2f69add5_mv2.jpg/v1/fill/w_640,h_225,q_90/82e2d9_b8775a4e53384dbca2f8122b2f69add5_mv2.jpg]
[static.wixstatic.com/media/82e2d9_8e6d659f981f4c8f8b6b44d9191b6845_mv2.jpg/v1/fill/w_640,h_225,q_90/82e2d9_8e6d659f981f4c8f8b6b44d9191b6845_mv2.jpg]
[static.wixstatic.com/media/82e2d9_4a57c54e2b524b9c84195b21c03f82e0_mv2.jpg/v1/fill/w_640,h_225,q_90/82e2d9_4a57c54e2b524b9c84195b21c03f82e0_mv2.jpg]
[static.wixstatic.com/media/82e2d9_ec09df4ae08e459d9c2af9722e81cd69_mv2.jpg/v1/fill/w_640,h_225,q_90/82e2d9_ec09df4ae08e459d9c2af9722e81cd69_mv2.jpg]
[static.wixstatic.com/media/82e2d9_5ec9c8cbc5224363986533fd53fe1a31_mv2.jpg/v1/fill/w_640,h_225,q_90/82e2d9_5ec9c8cbc5224363986533fd53fe1a31_mv2.jpg]
[static.wixstatic.com/media/82e2d9_f7e9119a1df4408f9e7c8794acfa8549_mv2.jpg/v1/fill/w_569,h_225,q_90/82e2d9_f7e9119a1df4408f9e7c8794acfa8549_mv2.jpg]
[static.wixstatic.com/media/82e2d9_fb4279721ce64fe9a81f2be971ca9f90_mv2.jpg/v1/fill/w_640,h_225,q_90/82e2d9_fb4279721ce64fe9a81f2be971ca9f90_mv2.jpg]
[static.wixstatic.com/media/82e2d9_5ba5f895368340069e3d4aab45b58966_mv2.jpg/v1/fill/w_640,h_225,q_90/82e2d9_5ba5f895368340069e3d4aab45b58966_mv2.jpg]
[static.wixstatic.com/media/82e2d9_8d4335539be84647a92ed8cafcf68ad9_mv2.jpg/v1/fill/w_640,h_225,q_90/82e2d9_8d4335539be84647a92ed8cafcf68ad9_mv2.jpg]
[static.wixstatic.com/media/82e2d9_45eca772817a4c6284df19358abc2dc3_mv2.jpg/v1/fill/w_640,h_225,q_90/82e2d9_45eca772817a4c6284df19358abc2dc3_mv2.jpg]
[static.wixstatic.com/media/82e2d9_d0be9f3d2664447a807462c1e0427a8a_mv2.jpg/v1/fill/w_640,h_225,q_90/82e2d9_d0be9f3d2664447a807462c1e0427a8a_mv2.jpg]
[static.wixstatic.com/media/82e2d9_59d466ba4d6f4b2588fe2875f8079a70_mv2.jpg/v1/fill/w_640,h_225,q_90/82e2d9_59d466ba4d6f4b2588fe2875f8079a70_mv2.jpg]
[static.wixstatic.com/media/82e2d9_5474f4728ebb4c38826e7f81ee5a2627_mv2.jpg/v1/fill/w_640,h_225,q_90/82e2d9_5474f4728ebb4c38826e7f81ee5a2627_mv2.jpg]
[static.wixstatic.com/media/82e2d9_9f09a590de3743d29b12b2db408db70e_mv2.jpg/v1/fill/w_640,h_225,q_90/82e2d9_9f09a590de3743d29b12b2db408db70e_mv2.jpg]
[static.wixstatic.com/media/82e2d9_a2ac0ae884fe46eebf70167732d5839e_mv2.jpg/v1/fill/w_640,h_225,q_90/82e2d9_a2ac0ae884fe46eebf70167732d5839e_mv2.jpg]
[static.wixstatic.com/media/82e2d9_272c3232562f468f8782496f9c1d2c74_mv2.jpg/v1/fill/w_640,h_225,q_90/82e2d9_272c3232562f468f8782496f9c1d2c74_mv2.jpg]
[static.wixstatic.com/media/82e2d9_07561b217aa840d6aa29ece4ceda65f1_mv2.jpg/v1/fill/w_640,h_225,q_90/82e2d9_07561b217aa840d6aa29ece4ceda65f1_mv2.jpg]
[static.wixstatic.com/media/82e2d9_90c2cbbe1a20401395beb62d5f28aef4_mv2.jpg/v1/fill/w_640,h_225,q_90/82e2d9_90c2cbbe1a20401395beb62d5f28aef4_mv2.jpg]
[static.wixstatic.com/media/82e2d9_b3d35805ece34bad81d84575a50202da_mv2.jpg/v1/fill/w_640,h_225,q_90/82e2d9_b3d35805ece34bad81d84575a50202da_mv2.jpg]
[static.wixstatic.com/media/82e2d9_849b569857b5481d86a3eb66dcd05295_mv2.jpg/v1/fill/w_640,h_225,q_90/82e2d9_849b569857b5481d86a3eb66dcd05295_mv2.jpg]
[static.wixstatic.com/media/82e2d9_d67c8093745646fcacbc133a92321508_mv2.jpg/v1/fill/w_120,h_120,q_70/82e2d9_d67c8093745646fcacbc133a92321508_mv2.jpg]
[static.wixstatic.com/media/82e2d9_106421304a594f3e9647b75d075b1c4b_mv2.jpg/v1/fill/w_120,h_120,q_70/82e2d9_106421304a594f3e9647b75d075b1c4b_mv2.jpg]
[static.wixstatic.com/media/82e2d9_bb910016177047d9a9d8de2d19db0d2c_mv2.jpg/v1/fill/w_120,h_120,q_70/82e2d9_bb910016177047d9a9d8de2d19db0d2c_mv2.jpg]
[static.wixstatic.com/media/82e2d9_a5340a07bc5a4bfebf6837a0f54efe6b_mv2.jpg/v1/fill/w_120,h_120,q_70/82e2d9_a5340a07bc5a4bfebf6837a0f54efe6b_mv2.jpg]
[static.wixstatic.com/media/82e2d9_f140b1d972a84ac69e132aa5910e47e1_mv2.jpg/v1/fill/w_120,h_120,q_70/82e2d9_f140b1d972a84ac69e132aa5910e47e1_mv2.jpg]
[static.wixstatic.com/media/82e2d9_c276e9c2b6b0469a93b7c2db2ec1db18_mv2.jpg/v1/fill/w_120,h_120,q_70/82e2d9_c276e9c2b6b0469a93b7c2db2ec1db18_mv2.jpg]
[static.wixstatic.com/media/82e2d9_cf340dd7bc574d8883c5bc25874552ab_mv2.jpg/v1/fill/w_120,h_120,q_70/82e2d9_cf340dd7bc574d8883c5bc25874552ab_mv2.jpg]
[static.wixstatic.com/media/82e2d9_7ab6abf6dbe5487695c9f777f23f9401_mv2.jpg/v1/fill/w_120,h_120,q_70/82e2d9_7ab6abf6dbe5487695c9f777f23f9401_mv2.jpg]
[static.wixstatic.com/media/82e2d9_254b0bcb2caf455c952c9d15e5768c03_mv2.jpg/v1/fill/w_120,h_120,q_70/82e2d9_254b0bcb2caf455c952c9d15e5768c03_mv2.jpg]
[static.wixstatic.com/media/82e2d9_c14f50cd3bd04dd49b5cbd93e14d45f7_mv2.jpg/v1/fill/w_120,h_120,q_70/82e2d9_c14f50cd3bd04dd49b5cbd93e14d45f7_mv2.jpg]
[static.wixstatic.com/media/82e2d9_c47bd937aec24e07b111a8a3e14cc5d3_mv2.jpg/v1/fill/w_120,h_120,q_70/82e2d9_c47bd937aec24e07b111a8a3e14cc5d3_mv2.jpg]
[static.wixstatic.com/media/82e2d9_deaa270bbddd4d11b055f71334363388_mv2.jpg/v1/fill/w_160,h_160,al_c,q_80,usm_0.66_1.00_0.01,blur_2/Doggo_________.jpg]
[static.wixstatic.com/media/82e2d9_489e1e60de574e199e4b790b0e623150_mv2_d_5841_4311_s_4_2.jpg/v1/fill/w_980,h_225,fp_0.49_0.43,q_90/82e2d9_489e1e60de574e199e4b790b0e623150_mv2_d_5841_4311_s_4_2.jpg]
[static.wixstatic.com/media/82e2d9_dcbeb1c941e349d3a3828b1d197587aa_mv2_d_2480_1981_s_2.jpg/v1/fill/w_980,h_225,q_90/82e2d9_dcbeb1c941e349d3a3828b1d197587aa_mv2_d_2480_1981_s_2.jpg]
[static.wixstatic.com/media/82e2d9_b0fa4f98aba245ee8a3b3b1e44a67de4_mv2_d_2100_1500_s_2.jpg/v1/fill/w_980,h_225,q_90/82e2d9_b0fa4f98aba245ee8a3b3b1e44a67de4_mv2_d_2100_1500_s_2.jpg]
[static.wixstatic.com/media/82e2d9_df9a31384cd7434dba9531830077f2a1_mv2.png/v1/fill/w_980,h_225,q_90/82e2d9_df9a31384cd7434dba9531830077f2a1_mv2.png]
[static.wixstatic.com/media/82e2d9_2bcdf4f66508407f8078c358175e93b4_mv2_d_3508_2480_s_4_2.jpg/v1/fill/w_980,h_225,fp_0.88_0.48,q_90/82e2d9_2bcdf4f66508407f8078c358175e93b4_mv2_d_3508_2480_s_4_2.jpg]
[static.wixstatic.com/media/82e2d9_55e7f7276a424cf09eae7f224126dd70_mv2_d_1656_1289_s_2.jpg/v1/fill/w_980,h_225,q_90/82e2d9_55e7f7276a424cf09eae7f224126dd70_mv2_d_1656_1289_s_2.jpg]
[static.wixstatic.com/media/82e2d9_cd8f33b78c7b40d8a83948b3819a66f5_mv2_d_2481_1527_s_2.png/v1/fill/w_980,h_225,q_90/82e2d9_cd8f33b78c7b40d8a83948b3819a66f5_mv2_d_2481_1527_s_2.png]
[static.wixstatic.com/media/82e2d9_72aaac151e804e18a429f3bd11ea5792_mv2_d_2481_1527_s_2.png/v1/fill/w_980,h_225,q_90/82e2d9_72aaac151e804e18a429f3bd11ea5792_mv2_d_2481_1527_s_2.png]
[static.wixstatic.com/media/82e2d9_dcc1d0e15a384fa9aec0fbfce2f5503b_mv2_d_1500_2100_s_2.jpg/v1/fill/w_980,h_225,q_90/82e2d9_dcc1d0e15a384fa9aec0fbfce2f5503b_mv2_d_1500_2100_s_2.jpg]
[static.wixstatic.com/media/82e2d9_71f656a10a284fdc88f100780134303e_mv2_d_2480_3508_s_4_2.png/v1/fill/w_980,h_225,q_90/82e2d9_71f656a10a284fdc88f100780134303e_mv2_d_2480_3508_s_4_2.png]
[static.wixstatic.com/media/82e2d9_142ee8c8b5054390be9925e989fdc239_mv2_d_4128_2278_s_2.png/v1/fill/w_980,h_225,q_90/82e2d9_142ee8c8b5054390be9925e989fdc239_mv2_d_4128_2278_s_2.png]
[static.wixstatic.com/media/82e2d9_840ac63607e24dcfaa6729c75c0b3031_mv2.png/v1/fill/w_800,h_225,q_90/82e2d9_840ac63607e24dcfaa6729c75c0b3031_mv2.png]
[static.wixstatic.com/media/82e2d9_19e027e9fceb43c784d2a7589fcfe44d_mv2.png/v1/fill/w_800,h_225,q_90/82e2d9_19e027e9fceb43c784d2a7589fcfe44d_mv2.png]
[static.wixstatic.com/media/82e2d9_9f22ead4fcbf4e62afb6bd020729308d_mv2.png/v1/fill/w_800,h_225,q_90/82e2d9_9f22ead4fcbf4e62afb6bd020729308d_mv2.png]
[static.wixstatic.com/media/82e2d9_8cc8681405ab40f8848f10dfbcb38e53_mv2.png/v1/fill/w_800,h_225,q_90/82e2d9_8cc8681405ab40f8848f10dfbcb38e53_mv2.png]
[static.wixstatic.com/media/82e2d9_c15a03c43d4e424e9d65cb5e7c056486_mv2.jpg/v1/fill/w_640,h_225,q_90/82e2d9_c15a03c43d4e424e9d65cb5e7c056486_mv2.jpg]
[static.wixstatic.com/media/82e2d9_fff514884fd5459288603eb2257f32e2_mv2.jpg/v1/fill/w_640,h_225,q_90/82e2d9_fff514884fd5459288603eb2257f32e2_mv2.jpg]
[static.wixstatic.com/media/82e2d9_1752562cd4ac44f8a7e15a4de34985aa_mv2.jpg/v1/fill/w_640,h_225,q_90/82e2d9_1752562cd4ac44f8a7e15a4de34985aa_mv2.jpg]
[static.wixstatic.com/media/82e2d9_43fbe46740b84b4e9e894fec06c0fa17_mv2.jpg/v1/fill/w_640,h_225,q_90/82e2d9_43fbe46740b84b4e9e894fec06c0fa17_mv2.jpg]
[static.wixstatic.com/media/82e2d9_c3dc19dbfb7b46ff88737c0dd1b16309_mv2.jpg/v1/fill/w_640,h_225,q_90/82e2d9_c3dc19dbfb7b46ff88737c0dd1b16309_mv2.jpg]
[static.wixstatic.com/media/82e2d9_489e1e60de574e199e4b790b0e623150_mv2_d_5841_4311_s_4_2.jpg/v1/fill/w_120,h_120,fp_0.49_0.43,q_70/82e2d9_489e1e60de574e199e4b790b0e623150_mv2_d_5841_4311_s_4_2.jpg]
[static.wixstatic.com/media/82e2d9_dcbeb1c941e349d3a3828b1d197587aa_mv2_d_2480_1981_s_2.jpg/v1/fill/w_120,h_120,q_70/82e2d9_dcbeb1c941e349d3a3828b1d197587aa_mv2_d_2480_1981_s_2.jpg]
[static.wixstatic.com/media/82e2d9_b0fa4f98aba245ee8a3b3b1e44a67de4_mv2_d_2100_1500_s_2.jpg/v1/fill/w_120,h_120,q_70/82e2d9_b0fa4f98aba245ee8a3b3b1e44a67de4_mv2_d_2100_1500_s_2.jpg]
[static.wixstatic.com/media/82e2d9_df9a31384cd7434dba9531830077f2a1_mv2.png/v1/fill/w_120,h_120,q_70/82e2d9_df9a31384cd7434dba9531830077f2a1_mv2.png]
[static.wixstatic.com/media/82e2d9_2bcdf4f66508407f8078c358175e93b4_mv2_d_3508_2480_s_4_2.jpg/v1/fill/w_120,h_120,fp_0.88_0.48,q_70/82e2d9_2bcdf4f66508407f8078c358175e93b4_mv2_d_3508_2480_s_4_2.jpg]
[static.wixstatic.com/media/82e2d9_55e7f7276a424cf09eae7f224126dd70_mv2_d_1656_1289_s_2.jpg/v1/fill/w_120,h_120,q_70/82e2d9_55e7f7276a424cf09eae7f224126dd70_mv2_d_1656_1289_s_2.jpg]
[static.wixstatic.com/media/82e2d9_cd8f33b78c7b40d8a83948b3819a66f5_mv2_d_2481_1527_s_2.png/v1/fill/w_120,h_120,q_70/82e2d9_cd8f33b78c7b40d8a83948b3819a66f5_mv2_d_2481_1527_s_2.png]
[static.wixstatic.com/media/82e2d9_72aaac151e804e18a429f3bd11ea5792_mv2_d_2481_1527_s_2.png/v1/fill/w_120,h_120,q_70/82e2d9_72aaac151e804e18a429f3bd11ea5792_mv2_d_2481_1527_s_2.png]
[static.wixstatic.com/media/82e2d9_dcc1d0e15a384fa9aec0fbfce2f5503b_mv2_d_1500_2100_s_2.jpg/v1/fill/w_120,h_120,q_70/82e2d9_dcc1d0e15a384fa9aec0fbfce2f5503b_mv2_d_1500_2100_s_2.jpg]
[static.wixstatic.com/media/82e2d9_71f656a10a284fdc88f100780134303e_mv2_d_2480_3508_s_4_2.png/v1/fill/w_120,h_120,q_70/82e2d9_71f656a10a284fdc88f100780134303e_mv2_d_2480_3508_s_4_2.png]
[static.wixstatic.com/media/82e2d9_142ee8c8b5054390be9925e989fdc239_mv2_d_4128_2278_s_2.png/v1/fill/w_120,h_120,q_70/82e2d9_142ee8c8b5054390be9925e989fdc239_mv2_d_4128_2278_s_2.png]
[static.wixstatic.com/media/82e2d9_a5eea90f4ea447b0b861963241f28e76_mv2.jpg/v1/fill/w_160,h_160,al_c,q_80,usm_0.66_1.00_0.01,blur_2/Tik Tok_________.jpg]
[static.wixstatic.com/media/82e2d9_3bd218124f25469aa56d8a4dc645b45ef003.jpg/v1/fill/w_980,h_225,q_90/82e2d9_3bd218124f25469aa56d8a4dc645b45ef003.jpg]
[static.wixstatic.com/media/82e2d9_52dc3e740c404968b06ffc06bc733358f003.jpg/v1/fill/w_980,h_225,q_90/82e2d9_52dc3e740c404968b06ffc06bc733358f003.jpg]
[static.wixstatic.com/media/82e2d9_7008e467c09d4488afd2a596e3b04975f003.jpg/v1/fill/w_980,h_225,q_90/82e2d9_7008e467c09d4488afd2a596e3b04975f003.jpg]
[static.wixstatic.com/media/82e2d9_08230b9852f64faca067bba11e364be0f003.jpg/v1/fill/w_980,h_225,q_90/82e2d9_08230b9852f64faca067bba11e364be0f003.jpg]
[static.wixstatic.com/media/82e2d9_577bf2857f904bb9895fbfe43abb6939f003.jpg/v1/fill/w_980,h_225,q_90/82e2d9_577bf2857f904bb9895fbfe43abb6939f003.jpg]
[static.wixstatic.com/media/82e2d9_3bd218124f25469aa56d8a4dc645b45ef003.jpg/v1/fill/w_120,h_120,q_70/82e2d9_3bd218124f25469aa56d8a4dc645b45ef003.jpg]
[static.wixstatic.com/media/82e2d9_52dc3e740c404968b06ffc06bc733358f003.jpg/v1/fill/w_120,h_120,q_70/82e2d9_52dc3e740c404968b06ffc06bc733358f003.jpg]
[static.wixstatic.com/media/82e2d9_7008e467c09d4488afd2a596e3b04975f003.jpg/v1/fill/w_120,h_120,q_70/82e2d9_7008e467c09d4488afd2a596e3b04975f003.jpg]
[static.wixstatic.com/media/82e2d9_08230b9852f64faca067bba11e364be0f003.jpg/v1/fill/w_120,h_120,q_70/82e2d9_08230b9852f64faca067bba11e364be0f003.jpg]
[static.wixstatic.com/media/82e2d9_577bf2857f904bb9895fbfe43abb6939f003.jpg/v1/fill/w_120,h_120,q_70/82e2d9_577bf2857f904bb9895fbfe43abb6939f003.jpg]
[static.wixstatic.com/media/82e2d9_a8b85615964745b1996d6e1bed1b6829_mv2_d_4160_3120_s_4_2.jpg/v1/fill/w_171,h_128,al_c,q_80,usm_0.66_1.00_0.01,blur_2/IMG_20180227_142906.jpg]
[static.wixstatic.com/media/82e2d9_8ed12ddfd0b142bb99e837d4ac9e728d_mv2_d_4160_3120_s_4_2.jpg/v1/fill/w_980,h_225,q_90/82e2d9_8ed12ddfd0b142bb99e837d4ac9e728d_mv2_d_4160_3120_s_4_2.jpg]
[static.wixstatic.com/media/82e2d9_28b88cfb35304d24b598e925f898e89e_mv2_d_2488_2884_s_4_2.jpg/v1/fill/w_980,h_225,q_90/82e2d9_28b88cfb35304d24b598e925f898e89e_mv2_d_2488_2884_s_4_2.jpg]
[static.wixstatic.com/media/82e2d9_4a32c08c984b4ecca73391768bd7a2b2_mv2_d_2256_2960_s_2.jpg/v1/fill/w_980,h_225,q_90/82e2d9_4a32c08c984b4ecca73391768bd7a2b2_mv2_d_2256_2960_s_2.jpg]
[static.wixstatic.com/media/82e2d9_48867a49e9584d6797e9f450e9121777_mv2_d_2448_3264_s_4_2.jpg/v1/fill/w_980,h_225,q_90/82e2d9_48867a49e9584d6797e9f450e9121777_mv2_d_2448_3264_s_4_2.jpg]
[static.wixstatic.com/media/82e2d9_689d9317ef14416881403e0fb5f06078_mv2_d_2180_3264_s_2.jpg/v1/fill/w_980,h_225,q_90/82e2d9_689d9317ef14416881403e0fb5f06078_mv2_d_2180_3264_s_2.jpg]
[static.wixstatic.com/media/82e2d9_a8b85615964745b1996d6e1bed1b6829_mv2_d_4160_3120_s_4_2.jpg/v1/fill/w_980,h_225,q_90/82e2d9_a8b85615964745b1996d6e1bed1b6829_mv2_d_4160_3120_s_4_2.jpg]
[static.wixstatic.com/media/82e2d9_d24efc8fa54d4a979b973acc8738ae65_mv2_d_2572_2564_s_4_2.jpg/v1/fill/w_980,h_225,q_90/82e2d9_d24efc8fa54d4a979b973acc8738ae65_mv2_d_2572_2564_s_4_2.jpg]
[static.wixstatic.com/media/82e2d9_3722bfc1063f47aa95a20f45118c7761_mv2_d_4160_3120_s_4_2.jpg/v1/fill/w_980,h_225,q_90/82e2d9_3722bfc1063f47aa95a20f45118c7761_mv2_d_4160_3120_s_4_2.jpg]
[static.wixstatic.com/media/82e2d9_3d4c9e42bc2d4587be1bc2430be91f2c_mv2.jpg/v1/fill/w_980,h_225,q_90/82e2d9_3d4c9e42bc2d4587be1bc2430be91f2c_mv2.jpg]
[static.wixstatic.com/media/82e2d9_a54cc92c19bd4fdd99b062d76f54ceb9_mv2.jpeg/v1/fill/w_960,h_225,q_90/82e2d9_a54cc92c19bd4fdd99b062d76f54ceb9_mv2.jpg]
[static.wixstatic.com/media/82e2d9_6a59ae29146c4ac6a583418b8436239b_mv2_d_4160_3120_s_4_2.jpg/v1/fill/w_980,h_225,q_90/82e2d9_6a59ae29146c4ac6a583418b8436239b_mv2_d_4160_3120_s_4_2.jpg]
[static.wixstatic.com/media/82e2d9_1bc4a36df84a453e9f0cfcfa62804b30_mv2_d_3120_4160_s_4_2.jpg/v1/fill/w_980,h_225,q_90/82e2d9_1bc4a36df84a453e9f0cfcfa62804b30_mv2_d_3120_4160_s_4_2.jpg]
[static.wixstatic.com/media/82e2d9_7380d546ab5b4ce3bf8ec144ad67ad79_mv2_d_3456_3456_s_4_2.jpeg/v1/fill/w_980,h_225,q_90/82e2d9_7380d546ab5b4ce3bf8ec144ad67ad79_mv2_d_3456_3456_s_4_2.jpg]
[static.wixstatic.com/media/82e2d9_dcfe05cfae7c448bae24856b5d317dc3_mv2_d_3456_4608_s_4_2.jpg/v1/fill/w_980,h_225,q_90/82e2d9_dcfe05cfae7c448bae24856b5d317dc3_mv2_d_3456_4608_s_4_2.jpg]
[static.wixstatic.com/media/82e2d9_5f06bf5b1cf34db5913b1d2e10e0c8af_mv2_d_4608_3456_s_4_2.jpg/v1/fill/w_980,h_225,q_90/82e2d9_5f06bf5b1cf34db5913b1d2e10e0c8af_mv2_d_4608_3456_s_4_2.jpg]
[static.wixstatic.com/media/82e2d9_c98fa2e664584edba1b6d2209cf41291_mv2.jpeg/v1/fill/w_980,h_225,q_90/82e2d9_c98fa2e664584edba1b6d2209cf41291_mv2.jpg]
[static.wixstatic.com/media/82e2d9_d929a5ef2ef248cf888ba33b28d21324_mv2_d_4193_3145_s_4_2.jpg/v1/fill/w_980,h_225,q_90/82e2d9_d929a5ef2ef248cf888ba33b28d21324_mv2_d_4193_3145_s_4_2.jpg]
[static.wixstatic.com/media/82e2d9_c9084c267f2a468ba39e9e17d681e7c8_mv2_d_4193_3145_s_4_2.jpg/v1/fill/w_980,h_225,q_90/82e2d9_c9084c267f2a468ba39e9e17d681e7c8_mv2_d_4193_3145_s_4_2.jpg]
[static.wixstatic.com/media/82e2d9_1a3f3def07dc4f6d88fa2d7138e71656_mv2_d_2560_1920_s_2.jpg/v1/fill/w_980,h_225,q_90/82e2d9_1a3f3def07dc4f6d88fa2d7138e71656_mv2_d_2560_1920_s_2.jpg]
[static.wixstatic.com/media/82e2d9_8ed12ddfd0b142bb99e837d4ac9e728d_mv2_d_4160_3120_s_4_2.jpg/v1/fill/w_120,h_120,q_70/82e2d9_8ed12ddfd0b142bb99e837d4ac9e728d_mv2_d_4160_3120_s_4_2.jpg]
[static.wixstatic.com/media/82e2d9_28b88cfb35304d24b598e925f898e89e_mv2_d_2488_2884_s_4_2.jpg/v1/fill/w_120,h_120,q_70/82e2d9_28b88cfb35304d24b598e925f898e89e_mv2_d_2488_2884_s_4_2.jpg]
[static.wixstatic.com/media/82e2d9_4a32c08c984b4ecca73391768bd7a2b2_mv2_d_2256_2960_s_2.jpg/v1/fill/w_120,h_120,q_70/82e2d9_4a32c08c984b4ecca73391768bd7a2b2_mv2_d_2256_2960_s_2.jpg]
[static.wixstatic.com/media/82e2d9_48867a49e9584d6797e9f450e9121777_mv2_d_2448_3264_s_4_2.jpg/v1/fill/w_120,h_120,q_70/82e2d9_48867a49e9584d6797e9f450e9121777_mv2_d_2448_3264_s_4_2.jpg]
[static.wixstatic.com/media/82e2d9_689d9317ef14416881403e0fb5f06078_mv2_d_2180_3264_s_2.jpg/v1/fill/w_120,h_120,q_70/82e2d9_689d9317ef14416881403e0fb5f06078_mv2_d_2180_3264_s_2.jpg]
[static.wixstatic.com/media/82e2d9_a8b85615964745b1996d6e1bed1b6829_mv2_d_4160_3120_s_4_2.jpg/v1/fill/w_120,h_120,q_70/82e2d9_a8b85615964745b1996d6e1bed1b6829_mv2_d_4160_3120_s_4_2.jpg]
[static.wixstatic.com/media/82e2d9_d24efc8fa54d4a979b973acc8738ae65_mv2_d_2572_2564_s_4_2.jpg/v1/fill/w_120,h_120,q_70/82e2d9_d24efc8fa54d4a979b973acc8738ae65_mv2_d_2572_2564_s_4_2.jpg]
[static.wixstatic.com/media/82e2d9_3722bfc1063f47aa95a20f45118c7761_mv2_d_4160_3120_s_4_2.jpg/v1/fill/w_120,h_120,q_70/82e2d9_3722bfc1063f47aa95a20f45118c7761_mv2_d_4160_3120_s_4_2.jpg]
[static.wixstatic.com/media/82e2d9_3d4c9e42bc2d4587be1bc2430be91f2c_mv2.jpg/v1/fill/w_120,h_120,q_70/82e2d9_3d4c9e42bc2d4587be1bc2430be91f2c_mv2.jpg]
[static.wixstatic.com/media/82e2d9_a54cc92c19bd4fdd99b062d76f54ceb9_mv2.jpeg/v1/fill/w_120,h_120,q_70/82e2d9_a54cc92c19bd4fdd99b062d76f54ceb9_mv2.jpg]
[static.wixstatic.com/media/82e2d9_6a59ae29146c4ac6a583418b8436239b_mv2_d_4160_3120_s_4_2.jpg/v1/fill/w_120,h_120,q_70/82e2d9_6a59ae29146c4ac6a583418b8436239b_mv2_d_4160_3120_s_4_2.jpg]
[s4shanmugsundar.wixsite.com/website.html]
[s4shanmugsundar.wixsite.com/47b73115.min.html]
[s4shanmugsundar.wixsite.com/1a3ca2ee.min.html]
[s4shanmugsundar.wixsite.com/16e44c05.min.html]
[s4shanmugsundar.wixsite.com/6ac53ab7.min.html]
[s4shanmugsundar.wixsite.com/02595569.min.html]
[s4shanmugsundar.wixsite.com/e5861f41.min.html]
[s4shanmugsundar.wixsite.com/c53e42d7.min.html]
[s4shanmugsundar.wixsite.com/da6c52cb.min.html]
[s4shanmugsundar.wixsite.com/3d2759f7.min.html]
[s4shanmugsundar.wixsite.com/960c3a88.min.html]
[s4shanmugsundar.wixsite.com/390543ac.min.html]
[s4shanmugsundar.wixsite.com/34cf1291.min.html]
[s4shanmugsundar.wixsite.com/f36661fb.min.html]
[s4shanmugsundar.wixsite.com/aa613bd1.min.html]
[s4shanmugsundar.wixsite.com/395efea1.min.html]
[s4shanmugsundar.wixsite.com/6daaad8b.min.html]
[s4shanmugsundar.wixsite.com/bf91693c.min.html]
[s4shanmugsundar.wixsite.com/b4ae8803.min.html]
[s4shanmugsundar.wixsite.com/62ccedec.min.html]
[s4shanmugsundar.wixsite.com/ae08c227.min.html]
[s4shanmugsundar.wixsite.com/11f27093.min.html]
[s4shanmugsundar.wixsite.com/9b155e90.min.html]
[s4shanmugsundar.wixsite.com/4ec2545d.min.html]
[s4shanmugsundar.wixsite.com/1bbe301d.min.html]
[s4shanmugsundar.wixsite.com/e78a13b3.min.html]
[s4shanmugsundar.wixsite.com/b604fd33.min.html]
[s4shanmugsundar.wixsite.com/48c6d58d.min.html]
[s4shanmugsundar.wixsite.com/439c90c8.min.html]
[s4shanmugsundar.wixsite.com/cd69f57c.min.html]
[s4shanmugsundar.wixsite.com/bc223d50.min.html]
[s4shanmugsundar.wixsite.com/bc2466c0.min.html]
[s4shanmugsundar.wixsite.com/5d7b6bbf.min.html]
[s4shanmugsundar.wixsite.com/3fdab364.min.html]
[s4shanmugsundar.wixsite.com/20d93486.min.html]
[s4shanmugsundar.wixsite.com/9692b4a8.min.html]
[s4shanmugsundar.wixsite.com/914012ea.min.html]
[s4shanmugsundar.wixsite.com/ffa0eb8f.min.html]
[s4shanmugsundar.wixsite.com/fe8be6d6.min.html]
[s4shanmugsundar.wixsite.com/a28cca36.min.html]
[s4shanmugsundar.wixsite.com/02b07b80.min.html]
[s4shanmugsundar.wixsite.com/265e9a4a.min.html]
[s4shanmugsundar.wixsite.com/ff342417.min.html]
[s4shanmugsundar.wixsite.com/2a1582d7.min.html]
[s4shanmugsundar.wixsite.com/eb321d93.min.html]
[s4shanmugsundar.wixsite.com/06cfef68.min.html]
[s4shanmugsundar.wixsite.com/49a18e23.min.html]
[s4shanmugsundar.wixsite.com/2467b183.min.html]
[s4shanmugsundar.wixsite.com/f9fd7cbe.min.html]
[s4shanmugsundar.wixsite.com/e142d0f4.min.html]
[s4shanmugsundar.wixsite.com/96a73741.min.html]
[s4shanmugsundar.wixsite.com/4c758e80.min.html]
[s4shanmugsundar.wixsite.com/44b62fdc.min.html]
[s4shanmugsundar.wixsite.com/7f8c7c3e.min.html]
[s4shanmugsundar.wixsite.com/fbbc0ea4.min.html]
[s4shanmugsundar.wixsite.com/5d29307d.min.html]
[s4shanmugsundar.wixsite.com/85af43ab.min.html]
[s4shanmugsundar.wixsite.com/7010eb60.min.html]
[s4shanmugsundar.wixsite.com/566bec70.min.html]
[s4shanmugsundar.wixsite.com/fc40122e.min.html]
[s4shanmugsundar.wixsite.com/45242c23.min.html]
[s4shanmugsundar.wixsite.com/0efca64c.min.html]
[s4shanmugsundar.wixsite.com/42ccdc69.min.html]
[s4shanmugsundar.wixsite.com/4ea3b970.min.html]
[s4shanmugsundar.wixsite.com/0ee85551.min.html]
[s4shanmugsundar.wixsite.com/085f85ee.min.html]
[s4shanmugsundar.wixsite.com/fc21aae5.min.html]
[s4shanmugsundar.wixsite.com/641eb53d.min.html]
[s4shanmugsundar.wixsite.com/cabcae51.min.html]
[s4shanmugsundar.wixsite.com/b66c178d.min.html]
[s4shanmugsundar.wixsite.com/c7fdedca.min.html]
[s4shanmugsundar.wixsite.com/ce9dcea4.min.html]
[s4shanmugsundar.wixsite.com/bc497b45.min.html]
[s4shanmugsundar.wixsite.com/2acb415c.min.html]
[s4shanmugsundar.wixsite.com/7d6cd51b.min.html]
[s4shanmugsundar.wixsite.com/16e57088.min.html]
[s4shanmugsundar.wixsite.com/0a1c073a.min.html]
[s4shanmugsundar.wixsite.com/1ac8fc0f.min.html]
[s4shanmugsundar.wixsite.com/e5d84163.min.html]
[s4shanmugsundar.wixsite.com/d5f023bb.min.html]
[s4shanmugsundar.wixsite.com/d820de38.min.html]
[s4shanmugsundar.wixsite.com/012dc85e.min.html]
[s4shanmugsundar.wixsite.com/9d29a199.min.html]
[s4shanmugsundar.wixsite.com/381ee71b.min.html]
[s4shanmugsundar.wixsite.com/bf413556.min.html]
[s4shanmugsundar.wixsite.com/316080a6.min.html]
[s4shanmugsundar.wixsite.com/51a9742f.min.html]
[s4shanmugsundar.wixsite.com/bf732f1f.min.html]
[s4shanmugsundar.wixsite.com/99f4b3eb.min.html]
[s4shanmugsundar.wixsite.com/a545d558.min.html]
[s4shanmugsundar.wixsite.com/76eac8fb.min.html]
[s4shanmugsundar.wixsite.com/5346ce3f.min.html]
[s4shanmugsundar.wixsite.com/f658a9c4.min.html]
[s4shanmugsundar.wixsite.com/7c9ceb1e.min.html]
[s4shanmugsundar.wixsite.com/aa72298b.min.html]
[s4shanmugsundar.wixsite.com/6ea2cb1c.min.html]
[s4shanmugsundar.wixsite.com/a9c2732c.min.html]
[s4shanmugsundar.wixsite.com/93e61b80.min.html]
[s4shanmugsundar.wixsite.com/4bbd8d4f.min.html]
[s4shanmugsundar.wixsite.com/f4297adc.min.html]
[s4shanmugsundar.wixsite.com/f3af5621.min.html]
[s4shanmugsundar.wixsite.com/23167c06.min.html]
[s4shanmugsundar.wixsite.com/4c919285.min.html]
[s4shanmugsundar.wixsite.com/99e902d9.min.html]
[s4shanmugsundar.wixsite.com/7761d6fc.min.html]
[s4shanmugsundar.wixsite.com/164e68d9.min.html]
[s4shanmugsundar.wixsite.com/40e5d5cf.min.html]
[s4shanmugsundar.wixsite.com/7c602eb2.min.html]
[s4shanmugsundar.wixsite.com/6b4c7217.min.html]
[s4shanmugsundar.wixsite.com/5b26625f.min.html]
[s4shanmugsundar.wixsite.com/2e327647.min.html]
[s4shanmugsundar.wixsite.com/4a6a7fc9.min.html]
[s4shanmugsundar.wixsite.com/f52e40aa.min.html]
[s4shanmugsundar.wixsite.com/29ef3ea9.min.html]
[s4shanmugsundar.wixsite.com/8a33f286.min.html]
[s4shanmugsundar.wixsite.com/a1e4335b.min.html]
[s4shanmugsundar.wixsite.com/67b7c77e.min.html]
[s4shanmugsundar.wixsite.com/b8760986.min.html]
[s4shanmugsundar.wixsite.com/37bd0eeb.min.html]
[s4shanmugsundar.wixsite.com/8d04f72e.min.html]
[s4shanmugsundar.wixsite.com/84c587cd.min.html]
[s4shanmugsundar.wixsite.com/ba7d2620.min.html]
[s4shanmugsundar.wixsite.com/41f1fa78.min.html]
[s4shanmugsundar.wixsite.com/3e581339.min.html]
[s4shanmugsundar.wixsite.com/a2f0f523.min.html]
[s4shanmugsundar.wixsite.com/86aca973.min.html]
[s4shanmugsundar.wixsite.com/7c1692b1.min.html]
[s4shanmugsundar.wixsite.com/8005d5c1.min.html]
[s4shanmugsundar.wixsite.com/0e20a470.min.html]
[s4shanmugsundar.wixsite.com/c9b5bd15.min.html]
[s4shanmugsundar.wixsite.com/8c688a9d.min.html]
[s4shanmugsundar.wixsite.com/6b1e299b.min.html]
[s4shanmugsundar.wixsite.com/11d68990.min.html]
[s4shanmugsundar.wixsite.com/3f166307.min.html]
[s4shanmugsundar.wixsite.com/1355ec40.min.html]
[s4shanmugsundar.wixsite.com/48220e7a.min.html]
[s4shanmugsundar.wixsite.com/eca71e40.min.html]
[s4shanmugsundar.wixsite.com/024f5250.min.html]
[s4shanmugsundar.wixsite.com/54e8ad37.min.html]
[s4shanmugsundar.wixsite.com/c79634ce.min.html]
[s4shanmugsundar.wixsite.com/036d1c2c.min.html]
[s4shanmugsundar.wixsite.com/04c30725.min.html]
[s4shanmugsundar.wixsite.com/685dda1c.min.html]
[s4shanmugsundar.wixsite.com/ad3a6151.min.html]
[s4shanmugsundar.wixsite.com/b43bc41a.min.html]
[s4shanmugsundar.wixsite.com/aff3efe3.min.html]
[s4shanmugsundar.wixsite.com/44306cc3.min.html]
[s4shanmugsundar.wixsite.com/f08a1c03.min.html]
[s4shanmugsundar.wixsite.com/6818c64c.min.html]
[s4shanmugsundar.wixsite.com/4fa4a352.min.html]
[s4shanmugsundar.wixsite.com/97d7cd97.min.html]
[s4shanmugsundar.wixsite.com/a1e76019.min.html]
[s4shanmugsundar.wixsite.com/b4bc6361.min.html]
[s4shanmugsundar.wixsite.com/9eed3e82.min.html]
[s4shanmugsundar.wixsite.com/ce776e38.min.html]
[s4shanmugsundar.wixsite.com/4a43b954.min.html]
[s4shanmugsundar.wixsite.com/799d016a.min.html]
[s4shanmugsundar.wixsite.com/c434348a.min.html]
[s4shanmugsundar.wixsite.com/4038e1e2.min.html]
[s4shanmugsundar.wixsite.com/c24f5e69.min.html]
[s4shanmugsundar.wixsite.com/8ab00128.min.html]
[s4shanmugsundar.wixsite.com/45eee88d.min.html]
[s4shanmugsundar.wixsite.com/7df86004.min.html]
[s4shanmugsundar.wixsite.com/145b5660.min.html]
[s4shanmugsundar.wixsite.com/3e624017.min.html]
[s4shanmugsundar.wixsite.com/eb810a4a.min.html]
[s4shanmugsundar.wixsite.com/81ed76c3.min.html]
[s4shanmugsundar.wixsite.com/6fe867cc.min.html]
[s4shanmugsundar.wixsite.com/d1f9c7e6.min.html]
[s4shanmugsundar.wixsite.com/34377b4a.min.html]
[s4shanmugsundar.wixsite.com/36c7b16b.min.html]
[s4shanmugsundar.wixsite.com/b0da3a19.min.html]
[s4shanmugsundar.wixsite.com/70e8afa8.min.html]
[s4shanmugsundar.wixsite.com/9c39b1d1.min.html]
[s4shanmugsundar.wixsite.com/59f9faa0.min.html]
[s4shanmugsundar.wixsite.com/b92ba9ff.min.html]
[s4shanmugsundar.wixsite.com/91e61dab.min.html]
[s4shanmugsundar.wixsite.com/41f245d4.min.html]
[s4shanmugsundar.wixsite.com/e24e08e7.min.html]
[s4shanmugsundar.wixsite.com/a86a8070.min.html]
[s4shanmugsundar.wixsite.com/ca0c0763.min.html]
[s4shanmugsundar.wixsite.com/13eb5276.min.html]
[s4shanmugsundar.wixsite.com/2978359e.min.html]
[s4shanmugsundar.wixsite.com/4b1f6567.min.html]
[s4shanmugsundar.wixsite.com/4e6fba8d.min.html]
[s4shanmugsundar.wixsite.com/883064bf.min.html]
[s4shanmugsundar.wixsite.com/55fd4990.min.html]
[s4shanmugsundar.wixsite.com/882dfccd.min.html]
[s4shanmugsundar.wixsite.com/70efe3c5.min.html]
[s4shanmugsundar.wixsite.com/6d011635.min.html]
[s4shanmugsundar.wixsite.com/af38aead.min.html]
[s4shanmugsundar.wixsite.com/39cfb47d.min.html]
[s4shanmugsundar.wixsite.com/1a1f2ab9.min.html]
[s4shanmugsundar.wixsite.com/5ed4e092.min.html]
[s4shanmugsundar.wixsite.com/75512b1a.min.html]
[s4shanmugsundar.wixsite.com/2a38244f.min.html]
[s4shanmugsundar.wixsite.com/837e8139.min.html]
[s4shanmugsundar.wixsite.com/f8ec65c6.min.html]
[s4shanmugsundar.wixsite.com/913e0517.min.html]
[s4shanmugsundar.wixsite.com/2ce475e3.min.html]
[s4shanmugsundar.wixsite.com/96f4b814.min.html]
[s4shanmugsundar.wixsite.com/efcd8729.min.html]
[s4shanmugsundar.wixsite.com/0ebb4539.min.html]
[s4shanmugsundar.wixsite.com/c9371416.min.html]
[s4shanmugsundar.wixsite.com/84fca3f0.min.html]
[s4shanmugsundar.wixsite.com/44b60e9d.min.html]
[s4shanmugsundar.wixsite.com/48e483a5.min.html]
[s4shanmugsundar.wixsite.com/100a01ba.min.html]
[s4shanmugsundar.wixsite.com/dba31346.min.html]
[s4shanmugsundar.wixsite.com/5a61fee8.min.html]
[s4shanmugsundar.wixsite.com/6010b816.min.html]
[s4shanmugsundar.wixsite.com/99e9084d.min.html]
[s4shanmugsundar.wixsite.com/39cdb6e7.min.html]
[s4shanmugsundar.wixsite.com/98f5e34d.min.html]
[s4shanmugsundar.wixsite.com/4bd62377.min.html]
[s4shanmugsundar.wixsite.com/f6b4449f.min.html]
[s4shanmugsundar.wixsite.com/692d3cfd.min.html]
[s4shanmugsundar.wixsite.com/dda10bbb.min.html]
[s4shanmugsundar.wixsite.com/826aa068.min.html]
[s4shanmugsundar.wixsite.com/71561e01.min.html]
[s4shanmugsundar.wixsite.com/2aa93db9.min.html]
[s4shanmugsundar.wixsite.com/ac1f0c83.min.html]
[s4shanmugsundar.wixsite.com/3fc3aa14.min.html]
[s4shanmugsundar.wixsite.com/eed9660c.min.html]
[s4shanmugsundar.wixsite.com/e98ddd9c.min.html]
[s4shanmugsundar.wixsite.com/9f54505f.min.html]
[s4shanmugsundar.wixsite.com/82a3c6bd.min.html]
[s4shanmugsundar.wixsite.com/959e5e9e.min.html]
[s4shanmugsundar.wixsite.com/c6933345.min.html]
[s4shanmugsundar.wixsite.com/7ac66a81.min.html]
[s4shanmugsundar.wixsite.com/7f6e9aff.min.html]
[s4shanmugsundar.wixsite.com/7197ceeb.min.html]
[s4shanmugsundar.wixsite.com/4d761874.min.html]
[s4shanmugsundar.wixsite.com/57ee110f.min.html]
[s4shanmugsundar.wixsite.com/723e4fed.min.html]
[s4shanmugsundar.wixsite.com/7d0d5475.min.html]
[s4shanmugsundar.wixsite.com/d9e9ecf4.min.html]
[s4shanmugsundar.wixsite.com/4d71157d.min.html]
[s4shanmugsundar.wixsite.com/30611ad6.min.html]
[s4shanmugsundar.wixsite.com/3107aee2.min.html]
[s4shanmugsundar.wixsite.com/add763df.min.html]
[s4shanmugsundar.wixsite.com/20a005d9.min.html]
[s4shanmugsundar.wixsite.com/f12c724d.min.html]
[s4shanmugsundar.wixsite.com/767a7565.min.html]
[s4shanmugsundar.wixsite.com/6dd0b2ab.min.html]
[s4shanmugsundar.wixsite.com/60e6c2a9.min.html]
[s4shanmugsundar.wixsite.com/6bd04466.min.html]
[s4shanmugsundar.wixsite.com/e356d735.min.html]
[s4shanmugsundar.wixsite.com/1fef0d1f.min.html]
[s4shanmugsundar.wixsite.com/4e9ee1a3.min.html]
[s4shanmugsundar.wixsite.com/8845e14b.min.html]
[s4shanmugsundar.wixsite.com/a7d5ac4b.min.html]
[s4shanmugsundar.wixsite.com/015a530e.min.html]
[s4shanmugsundar.wixsite.com/b6e3e82f.min.html]
[s4shanmugsundar.wixsite.com/731d5bce.min.html]
[s4shanmugsundar.wixsite.com/c61ac2b6.min.html]
[s4shanmugsundar.wixsite.com/c9d89f77.min.html]
[s4shanmugsundar.wixsite.com/77753e29.min.html]
[s4shanmugsundar.wixsite.com/2a3ba4df.min.html]
[s4shanmugsundar.wixsite.com/1150efce.min.html]
[s4shanmugsundar.wixsite.com/dbfd66d7.min.html]
[s4shanmugsundar.wixsite.com/e1813de1.min.html]
[s4shanmugsundar.wixsite.com/34b72cf9.min.html]
[s4shanmugsundar.wixsite.com/5d684912.min.html]
[s4shanmugsundar.wixsite.com/07d43a5b.min.html]
[s4shanmugsundar.wixsite.com/74e60b57.min.html]
[s4shanmugsundar.wixsite.com/71b202df.min.html]
[s4shanmugsundar.wixsite.com/1e24bd4a.min.html]
[s4shanmugsundar.wixsite.com/d078781b.min.html]
[s4shanmugsundar.wixsite.com/9a8b46cf.min.html]
[s4shanmugsundar.wixsite.com/f4071404.min.html]
[s4shanmugsundar.wixsite.com/a4efbb1a.min.html]
[s4shanmugsundar.wixsite.com/b69a6dca.min.html]
[s4shanmugsundar.wixsite.com/a8cea7d1.min.html]
[s4shanmugsundar.wixsite.com/9b7ffe32.min.html]
[s4shanmugsundar.wixsite.com/0e2bff6a.min.html]
[s4shanmugsundar.wixsite.com/8a3174ea.min.html]
[s4shanmugsundar.wixsite.com/56b396e1.min.html]
[s4shanmugsundar.wixsite.com/e31c9edb.min.html]
[s4shanmugsundar.wixsite.com/270ecc94.min.html]
[s4shanmugsundar.wixsite.com/aae8f9e8.min.html]
[s4shanmugsundar.wixsite.com/148a549f.min.html]
[s4shanmugsundar.wixsite.com/243dde79.min.html]
[s4shanmugsundar.wixsite.com/4b77444e.min.html]
[s4shanmugsundar.wixsite.com/debda15f.min.html]
[s4shanmugsundar.wixsite.com/c8e351db.min.html]
[s4shanmugsundar.wixsite.com/25adc72e.min.html]
[s4shanmugsundar.wixsite.com/ad3c03fe.min.html]
[s4shanmugsundar.wixsite.com/696515ba.min.html]
[s4shanmugsundar.wixsite.com/645a0f15.chunk.min.html]
[s4shanmugsundar.wixsite.com/b1355b5c.chunk.min.html]
[s4shanmugsundar.wixsite.com/a5a909c0.chunk.min.html]
[s4shanmugsundar.wixsite.com/4eb957ed.chunk.min.html]
[s4shanmugsundar.wixsite.com/rb_wixui.thunderbolt_bootstrap-classic.414f6a61.chunk.min.html]
[s4shanmugsundar.wixsite.com/rb_wixui.thunderbolt_bootstrap-responsive.a66c1914.chunk.min.html]
[s4shanmugsundar.wixsite.com/rb_wixui.thunderbolt_bootstrap-responsive.a5a909c0.chunk.min.html]
[s4shanmugsundar.wixsite.com/rb_wixui.thunderbolt_common-site-members-dialogs.d78bf087.chunk.min.html]
[s4shanmugsundar.wixsite.com/rb_wixui.thunderbolt_common-site-members-dialogs.4eb957ed.chunk.min.html]
[s4shanmugsundar.wixsite.com/rb_wixui.thunderbolt_bootstrap.15f0deb3.chunk.min.html]
[s4shanmugsundar.wixsite.com/rb_wixui.thunderbolt_bootstrap.645a0f15.chunk.min.html]
[s4shanmugsundar.wixsite.com/rb_wixui.corvid_core.0849f1c8.chunk.min.html]
[s4shanmugsundar.wixsite.com/rb_wixui.thunderbolt_mobile.eea54e4b.chunk.min.html]
[s4shanmugsundar.wixsite.com/decodeURIComponent(e.html]
[s4shanmugsundar.wixsite.com/sitemap.html]
[s4shanmugsundar.wixsite.com/feed.html]
[s4shanmugsundar.wixsite.com/index.html]
[s4shanmugsundar.wixsite.com/version/index.html]
[static.parastorage.com/services/pro-gallery-santa-wrapper/1.2110.0/staticCss.min.css]
[static.parastorage.com/services/pro-gallery-santa-wrapper/1.2110.0/media/emptystate.f4c750b6.svg]
